setenv("MDSIP_MAX_VERSION=0")
65545
mdsconnect("thread://1")>=0
1BU
mdsvalue("$",[1,2,3])
[1,2,3]
mdsvalue("DECOMPILE($)",[[1,2],[3,4]])
"[[1,2], [3,4]]"
mdsvalue("$",[[[[[[[1]]]]]]])
[[[[[[[1]]]]]]]
mdsvalue("$",[[[[[[[[1]]]]]]]])
[[[[[[[[1]]]]]]]]
mdsvalue("$",[[[[[[[[1,2]]]]]]],[[[[[[[3,4]]]]]]]])
[[[[[[[[1,2]]]]]]], [[[[[[[3,4]]]]]]]]
setenv("test_path=thread://1::.")
65545
treeopennew('TEST', 1)
265389633
treeaddnode('A', _, 0)
265389633
treewrite()
265389633
treeputrecord('A',RANGE(3))
265389633
tcl('deco A')
RANGE(3)
1
